
> backend@1.0.0 test
> cross-env NODE_ENV=test NODE_OPTIONS=--experimental-vm-modules jest --runInBand

  console.log
    [dotenv@17.2.3] injecting env (8) from .env.test -- tip: ⚙️  specify custom .env file path with { path: '/custom/path/.env' }

      at _log (node_modules/dotenv/lib/main.js:142:11)

FAIL __tests__/auth.test.js
  ● Test suite failed to run

    SyntaxError: The requested module '../server.js' does not provide an export named 'default'

      at Runtime.linkAndEvaluateModule (node_modules/jest-runtime/build/index.js:684:5)

Test Suites: 1 failed, 1 total
Tests:       0 total
Snapshots:   0 total
Time:        1.272 s
Ran all test suites.
(node:23204) ExperimentalWarning: VM Modules is an experimental feature and might change at any time
(Use `node --trace-warnings ...` to show where the warning was created)
